
Map of Debug\base_mesure.sm8 from link file Debug\base_mesure.lkf - Tue Mar 22 14:24:00 2022


                               --------
                               Segments
                               --------

start 00008080 end 000086ce length  1614 segment .const
start 000086d8 end 00008dee length  1814 segment .text
start 00004000 end 00004000 length     0 segment .eeprom
start 00000000 end 00000002 length     2 segment .bsct, initialized
start 000086d6 end 000086d8 length     2 segment .bsct, from
start 00000002 end 00000008 length     6 segment .ubsct
start 00000008 end 00000008 length     0 segment .bit
start 00000008 end 00000008 length     0 segment .share
start 00000100 end 00000100 length     0 segment .data
start 00000100 end 00000100 length     0 segment .bss
start 00000000 end 00000379 length   889 segment .info.
start 00000000 end 0000b664 length 46692 segment .debug
start 00008000 end 00008080 length   128 segment .const
start 000086ce end 000086d6 length     8 segment .init


                               -------
                               Modules
                               -------

C:\Program Files\COSMIC\CXSTM8_EVAL\Lib\crtsi0.sm8:
start 000086d8 end 00008723 length    75 section .text
start 00000100 end 00000100 length     0 section .bss
start 00000002 end 00000002 length     0 section .ubsct
start 00000000 end 00000030 length    48 section .info.

Debug\fonc_div.o:
start 00008723 end 00008886 length   355 section .text
start 00000000 end 00001d70 length  7536 section .debug
start 00000030 end 000000a1 length   113 section .info.

Debug\fonc_delay.o:
start 00008886 end 000088b9 length    51 section .text
start 00001d70 end 000039c7 length  7255 section .debug
start 000000a1 end 00000114 length   115 section .info.

Debug\fonc_tft.o:
start 000088b9 end 00008c0a length   849 section .text
start 000039c7 end 00005cba length  8947 section .debug
start 00000114 end 00000185 length   113 section .info.
start 00008080 end 0000866f length  1519 section .const

Debug\fonc_i2c.o:
start 00008c0a end 00008cb3 length   169 section .text
start 00005cba end 00007a00 length  7494 section .debug
start 00000185 end 000001f6 length   113 section .info.

Debug\main.o:
start 00008cb3 end 00008d79 length   198 section .text
start 00000000 end 00000002 length     2 section .bsct
start 00007a00 end 000099b4 length  8116 section .debug
start 000001f6 end 00000263 length   109 section .info.
start 0000866f end 000086ce length    95 section .const

(C:\Program Files\COSMIC\CXSTM8_EVAL\Lib\libm0.sm8)xreg.o:
start 00000002 end 00000005 length     3 section .ubsct
start 00000263 end 00000292 length    47 section .info.

(C:\Program Files\COSMIC\CXSTM8_EVAL\Lib\libm0.sm8)yreg.o:
start 00000005 end 00000008 length     3 section .ubsct
start 00000292 end 000002c1 length    47 section .info.

Debug\stm8_interrupt_vector.o:
start 00008d79 end 00008dee length   117 section .text
start 000099b4 end 0000b664 length  7344 section .debug
start 000002c1 end 0000033f length   126 section .info.
start 00008000 end 00008080 length   128 section .const


                             -----------
                             Stack usage
                             -----------

Debug\fonc_delay.o:
_attend_1ms                  2   (2)
_attend_500ms                6   (4)
_attend_ms                   6   (4)

Debug\fonc_div.o:
_affiche_mot                45   (6)
_affiche_nombre             45   (6)
_init_ADC               >    2   (2)
_init_LED               >    2   (2)
_init_Poussoirs         >    2   (2)
_init_spi_port_display      28   (2)

Debug\fonc_i2c.o:
_Ack_I2C                     2   (2)
_Init_I2C_Master        >    2   (2)
_NoAck_I2C                   2   (2)
_Read_I2C                    2   (2)
_Start_I2C                   2   (2)
_Stop_I2C                    3   (3)
_Write_I2C                   5   (5)

Debug\fonc_tft.o:
_Write_SPI                   2   (2)
_commandList                14   (8)
_displayChar_TFT            39   (15)
_drawPixel_TFT              20   (10)
_drawVLine_TFT          >   23   (13)
_fillRect_TFT               24   (14)
_fillScreen_TFT         >   26   (2)
_init_TFT                   26   (2)
_setAddrWindow              10   (6)
_writecommand                4   (2)
_writedata                   4   (2)

Debug\main.o:
_init_I2C                    2   (2)
_init_PWM                    2   (2)
_init_UART2                  4   (4)
_main                   >   47   (2)
_read_AD7991            >   10   (5)
_send_ac_cap_UART       >    6   (4)
_send_dc_cap_UART       >    6   (4)
_write_byte_UART2            2   (2)

Debug\stm8_interrupt_vector.o:
f_NonHandledInterrupt   >    6   (6)
f_int_PD3               >   57   (12)
f_int_PE5               >   57   (12)

Stack size: 104


                              ---------
                              Call tree
                              ---------
   1 > _Init_I2C_Master: (2)

   2 > __stext: (0)

   3 > _drawVLine_TFT: (13)
   4      + _Write_SPI: (2)
   5      + _setAddrWindow: (6)
   6      |    + _writecommand: (2)
   7      |    |    + _Write_SPI --> 4
          |    | 
   8      |    + _writedata: (2)
   9      |    |    + _Write_SPI --> 4
          |    | 
          | 
       
  10 > _fillScreen_TFT: (2)
  11      + _fillRect_TFT: (14)
  12      |    + _Write_SPI --> 4
  13      |    + _setAddrWindow --> 5
          | 
       
  14 > _init_ADC: (2)

  15 > _init_LED: (2)

  16 > _init_Poussoirs: (2)

  17 > _main: (2)
  18      + _affiche_mot: (6)
  19      |    + _displayChar_TFT: (15)
  20      |    |    + _drawPixel_TFT: (10)
  21      |    |    |    + _Write_SPI --> 4
  22      |    |    |    + _setAddrWindow --> 5
          |    |    | 
  23      |    |    + _fillRect_TFT --> 11
          |    | 
          | 
  24      + _affiche_nombre: (6)
  25      |    + _displayChar_TFT --> 19
          | 
  26      + _init_I2C: (2)
  27      + _init_PWM: (2)
  28      + _init_UART2: (4)
  29      + _init_spi_port_display: (2)
  30      |    + _init_TFT: (2)
  31      |    |    + _attend_500ms: (4)
  32      |    |    |    + _attend_1ms: (2)
          |    |    | 
  33      |    |    + _commandList: (8)
  34      |    |    |    + _attend_ms: (4)
  35      |    |    |    |    + _attend_1ms --> 32
          |    |    |    | 
  36      |    |    |    + _writecommand --> 6
  37      |    |    |    + _writedata --> 8
          |    |    | 
  38      |    |    + _fillRect_TFT --> 11
  39      |    |    + _writecommand --> 6
  40      |    |    + _writedata --> 8
          |    | 
          | 
       
  41 > _read_AD7991: (5)
  42      + _Ack_I2C: (2)
  43      + _NoAck_I2C: (2)
  44      + _Read_I2C: (2)
  45      + _Start_I2C: (2)
  46      + _Stop_I2C: (3)
  47      + _Write_I2C: (5)
       
  48 > _send_ac_cap_UART: (4)
  49      + _write_byte_UART2: (2)
       
  50 > _send_dc_cap_UART: (4)
  51      + _write_byte_UART2 --> 49
       
  52 > f_NonHandledInterrupt: (6)

  53 > f_int_PD3: (12)
  54      + _affiche_nombre --> 24
       
  55 > f_int_PE5: (12)
  56      + _affiche_nombre --> 24
       
  57   _Ack_I2C --> 42

  58   _NoAck_I2C --> 43

  59   _Read_I2C --> 44

  60   _Start_I2C --> 45

  61   _Stop_I2C --> 46

  62   _Write_I2C --> 47

  63   _Write_SPI --> 4

  64   _affiche_mot --> 18

  65   _affiche_nombre --> 24

  66   _attend_1ms --> 32

  67   _attend_500ms --> 31

  68   _attend_ms --> 34

  69   _commandList --> 33

  70   _displayChar_TFT --> 19

  71   _drawPixel_TFT --> 20

  72   _fillRect_TFT --> 11

  73   _init_I2C --> 26

  74   _init_PWM --> 27

  75   _init_TFT --> 30

  76   _init_UART2 --> 28

  77   _init_spi_port_display --> 29

  78   _setAddrWindow --> 5

  79   _write_byte_UART2 --> 49

  80   _writecommand --> 6

  81   _writedata --> 8



                               -------
                               Symbols
                               -------

_ADC_AWCRH               0000540e   defined in Debug\fonc_div.o
_ADC_AWCRL               0000540f   defined in Debug\fonc_div.o
_ADC_AWSRH               0000540c   defined in Debug\fonc_div.o
_ADC_AWSRL               0000540d   defined in Debug\fonc_div.o
_ADC_CR1                 00005401   defined in Debug\fonc_div.o
_ADC_CR2                 00005402   defined in Debug\fonc_div.o
_ADC_CR3                 00005403   defined in Debug\fonc_div.o
_ADC_CSR                 00005400   defined in Debug\fonc_div.o
_ADC_DBR                 000053e0   defined in Debug\fonc_div.o
_ADC_DRH                 00005404   defined in Debug\fonc_div.o
_ADC_DRL                 00005405   defined in Debug\fonc_div.o
_ADC_HTRH                00005408   defined in Debug\fonc_div.o
_ADC_HTRL                00005409   defined in Debug\fonc_div.o
_ADC_LTRH                0000540a   defined in Debug\fonc_div.o
_ADC_LTRL                0000540b   defined in Debug\fonc_div.o
_ADC_TDRH                00005406   defined in Debug\fonc_div.o
_ADC_TDRL                00005407   defined in Debug\fonc_div.o
_AWU_APR                 000050f1   defined in Debug\fonc_div.o
_AWU_CSR1                000050f0   defined in Debug\fonc_div.o
_AWU_TBR                 000050f2   defined in Debug\fonc_div.o
_Ack_I2C                 00008c9f   defined in Debug\fonc_i2c.o section .text
                                    used in Debug\main.o
_BEEP_CSR                000050f3   defined in Debug\fonc_div.o
_CFG_GCR                 00007f60   defined in Debug\fonc_div.o
_CLK_CANCCR              000050cb   defined in Debug\fonc_div.o
_CLK_CCOR                000050c9   defined in Debug\fonc_div.o
_CLK_CKDIVR              000050c6   defined in Debug\fonc_div.o
_CLK_CMSR                000050c3   defined in Debug\fonc_div.o
_CLK_CSSR                000050c8   defined in Debug\fonc_div.o
_CLK_ECKCR               000050c1   defined in Debug\fonc_div.o
_CLK_HSITRIMR            000050cc   defined in Debug\fonc_div.o
_CLK_ICKCR               000050c0   defined in Debug\fonc_div.o
_CLK_PCKENR1             000050c7   defined in Debug\fonc_div.o
_CLK_PCKENR2             000050ca   defined in Debug\fonc_div.o
_CLK_SWCR                000050c5   defined in Debug\fonc_div.o
_CLK_SWIMCCR             000050cd   defined in Debug\fonc_div.o
_CLK_SWR                 000050c4   defined in Debug\fonc_div.o
_DM_BK1RE                00007f90   defined in Debug\fonc_div.o
_DM_BK1RH                00007f91   defined in Debug\fonc_div.o
_DM_BK1RL                00007f92   defined in Debug\fonc_div.o
_DM_BK2RE                00007f93   defined in Debug\fonc_div.o
_DM_BK2RH                00007f94   defined in Debug\fonc_div.o
_DM_BK2RL                00007f95   defined in Debug\fonc_div.o
_DM_CR1                  00007f96   defined in Debug\fonc_div.o
_DM_CR2                  00007f97   defined in Debug\fonc_div.o
_DM_CSR1                 00007f98   defined in Debug\fonc_div.o
_DM_CSR2                 00007f99   defined in Debug\fonc_div.o
_DM_ENFCTR               00007f9a   defined in Debug\fonc_div.o
_EXTI_CR1                000050a0   defined in Debug\fonc_div.o
_EXTI_CR2                000050a1   defined in Debug\fonc_div.o
_FLASH_CR1               0000505a   defined in Debug\fonc_div.o
_FLASH_CR2               0000505b   defined in Debug\fonc_div.o
_FLASH_DUKR              00005064   defined in Debug\fonc_div.o
_FLASH_FPR               0000505d   defined in Debug\fonc_div.o
_FLASH_IAPSR             0000505f   defined in Debug\fonc_div.o
_FLASH_NCR2              0000505c   defined in Debug\fonc_div.o
_FLASH_NFPR              0000505e   defined in Debug\fonc_div.o
_FLASH_PUKR              00005062   defined in Debug\fonc_div.o
_I2C_CCRH                0000521c   defined in Debug\fonc_div.o
_I2C_CCRL                0000521b   defined in Debug\fonc_div.o
_I2C_CR1                 00005210   defined in Debug\fonc_div.o
_I2C_CR2                 00005211   defined in Debug\fonc_div.o
_I2C_DR                  00005216   defined in Debug\fonc_div.o
_I2C_FREQR               00005212   defined in Debug\fonc_div.o
_I2C_ITR                 0000521a   defined in Debug\fonc_div.o
_I2C_OARH                00005214   defined in Debug\fonc_div.o
_I2C_OARL                00005213   defined in Debug\fonc_div.o
_I2C_PECR                0000521e   defined in Debug\fonc_div.o
_I2C_SR1                 00005217   defined in Debug\fonc_div.o
_I2C_SR2                 00005218   defined in Debug\fonc_div.o
_I2C_SR3                 00005219   defined in Debug\fonc_div.o
_I2C_TRISER              0000521d   defined in Debug\fonc_div.o
_ITC_SPR1                00007f70   defined in Debug\fonc_div.o
_ITC_SPR2                00007f71   defined in Debug\fonc_div.o
_ITC_SPR3                00007f72   defined in Debug\fonc_div.o
_ITC_SPR4                00007f73   defined in Debug\fonc_div.o
_ITC_SPR5                00007f74   defined in Debug\fonc_div.o
_ITC_SPR6                00007f75   defined in Debug\fonc_div.o
_ITC_SPR7                00007f76   defined in Debug\fonc_div.o
_ITC_SPR8                00007f77   defined in Debug\fonc_div.o
_IWDG_KR                 000050e0   defined in Debug\fonc_div.o
_IWDG_PR                 000050e1   defined in Debug\fonc_div.o
_IWDG_RLR                000050e2   defined in Debug\fonc_div.o
_Init_I2C_Master         00008c0a   defined in Debug\fonc_i2c.o section .text
_NoAck_I2C               00008caa   defined in Debug\fonc_i2c.o section .text
                                    used in Debug\main.o
_PA_CR1                  00005003   defined in Debug\fonc_div.o
_PA_CR2                  00005004   defined in Debug\fonc_div.o
_PA_DDR                  00005002   defined in Debug\fonc_div.o
_PA_IDR                  00005001   defined in Debug\fonc_div.o
_PA_ODR                  00005000   defined in Debug\fonc_div.o
_PB_CR1                  00005008   defined in Debug\fonc_div.o
_PB_CR2                  00005009   defined in Debug\fonc_div.o
_PB_DDR                  00005007   defined in Debug\fonc_div.o
_PB_IDR                  00005006   defined in Debug\fonc_div.o
_PB_ODR                  00005005   defined in Debug\fonc_div.o
_PC_CR1                  0000500d   defined in Debug\fonc_div.o
_PC_CR2                  0000500e   defined in Debug\fonc_div.o
_PC_DDR                  0000500c   defined in Debug\fonc_div.o
_PC_IDR                  0000500b   defined in Debug\fonc_div.o
_PC_ODR                  0000500a   defined in Debug\fonc_div.o
_PD_CR1                  00005012   defined in Debug\fonc_div.o
_PD_CR2                  00005013   defined in Debug\fonc_div.o
_PD_DDR                  00005011   defined in Debug\fonc_div.o
_PD_IDR                  00005010   defined in Debug\fonc_div.o
_PD_ODR                  0000500f   defined in Debug\fonc_div.o
_PE_CR1                  00005017   defined in Debug\fonc_div.o
_PE_CR2                  00005018   defined in Debug\fonc_div.o
_PE_DDR                  00005016   defined in Debug\fonc_div.o
_PE_IDR                  00005015   defined in Debug\fonc_div.o
_PE_ODR                  00005014   defined in Debug\fonc_div.o
_PF_CR1                  0000501c   defined in Debug\fonc_div.o
_PF_CR2                  0000501d   defined in Debug\fonc_div.o
_PF_DDR                  0000501b   defined in Debug\fonc_div.o
_PF_IDR                  0000501a   defined in Debug\fonc_div.o
_PF_ODR                  00005019   defined in Debug\fonc_div.o
_PG_CR1                  00005021   defined in Debug\fonc_div.o
_PG_CR2                  00005022   defined in Debug\fonc_div.o
_PG_DDR                  00005020   defined in Debug\fonc_div.o
_PG_IDR                  0000501f   defined in Debug\fonc_div.o
_PG_ODR                  0000501e   defined in Debug\fonc_div.o
_PH_CR1                  00005026   defined in Debug\fonc_div.o
_PH_CR2                  00005027   defined in Debug\fonc_div.o
_PH_DDR                  00005025   defined in Debug\fonc_div.o
_PH_IDR                  00005024   defined in Debug\fonc_div.o
_PH_ODR                  00005023   defined in Debug\fonc_div.o
_PI_CR1                  0000502b   defined in Debug\fonc_div.o
_PI_CR2                  0000502c   defined in Debug\fonc_div.o
_PI_DDR                  0000502a   defined in Debug\fonc_div.o
_PI_IDR                  00005029   defined in Debug\fonc_div.o
_PI_ODR                  00005028   defined in Debug\fonc_div.o
_RST_SR                  000050b3   defined in Debug\fonc_div.o
_Read_I2C                00008c94   defined in Debug\fonc_i2c.o section .text
                                    used in Debug\main.o
_SPI_CR1                 00005200   defined in Debug\fonc_div.o
_SPI_CR2                 00005201   defined in Debug\fonc_div.o
_SPI_CRCPR               00005205   defined in Debug\fonc_div.o
_SPI_DR                  00005204   defined in Debug\fonc_div.o
_SPI_ICR                 00005202   defined in Debug\fonc_div.o
_SPI_RXCRCR              00005206   defined in Debug\fonc_div.o
_SPI_SR                  00005203   defined in Debug\fonc_div.o
_SPI_TXCRCR              00005207   defined in Debug\fonc_div.o
_SWIM_CSR                00007f80   defined in Debug\fonc_div.o
_Start_I2C               00008c3d   defined in Debug\fonc_i2c.o section .text
                                    used in Debug\main.o
_Stop_I2C                00008c51   defined in Debug\fonc_i2c.o section .text
                                    used in Debug\main.o
_TIM1_ARRH               00005262   defined in Debug\fonc_div.o
_TIM1_ARRL               00005263   defined in Debug\fonc_div.o
_TIM1_BKR                0000526d   defined in Debug\fonc_div.o
_TIM1_CCER1              0000525c   defined in Debug\fonc_div.o
_TIM1_CCER2              0000525d   defined in Debug\fonc_div.o
_TIM1_CCMR1              00005258   defined in Debug\fonc_div.o
_TIM1_CCMR2              00005259   defined in Debug\fonc_div.o
_TIM1_CCMR3              0000525a   defined in Debug\fonc_div.o
_TIM1_CCMR4              0000525b   defined in Debug\fonc_div.o
_TIM1_CCR1H              00005265   defined in Debug\fonc_div.o
_TIM1_CCR1L              00005266   defined in Debug\fonc_div.o
_TIM1_CCR2H              00005267   defined in Debug\fonc_div.o
_TIM1_CCR2L              00005268   defined in Debug\fonc_div.o
_TIM1_CCR3H              00005269   defined in Debug\fonc_div.o
_TIM1_CCR3L              0000526a   defined in Debug\fonc_div.o
_TIM1_CCR4H              0000526b   defined in Debug\fonc_div.o
_TIM1_CCR4L              0000526c   defined in Debug\fonc_div.o
_TIM1_CNTRH              0000525e   defined in Debug\fonc_div.o
_TIM1_CNTRL              0000525f   defined in Debug\fonc_div.o
_TIM1_CR1                00005250   defined in Debug\fonc_div.o
_TIM1_CR2                00005251   defined in Debug\fonc_div.o
_TIM1_DTR                0000526e   defined in Debug\fonc_div.o
_TIM1_EGR                00005257   defined in Debug\fonc_div.o
_TIM1_ETR                00005253   defined in Debug\fonc_div.o
_TIM1_IER                00005254   defined in Debug\fonc_div.o
_TIM1_OISR               0000526f   defined in Debug\fonc_div.o
_TIM1_PSCRH              00005260   defined in Debug\fonc_div.o
_TIM1_PSCRL              00005261   defined in Debug\fonc_div.o
_TIM1_RCR                00005264   defined in Debug\fonc_div.o
_TIM1_SMCR               00005252   defined in Debug\fonc_div.o
_TIM1_SR1                00005255   defined in Debug\fonc_div.o
_TIM1_SR2                00005256   defined in Debug\fonc_div.o
_TIM2_ARRH               0000530d   defined in Debug\fonc_div.o
_TIM2_ARRL               0000530e   defined in Debug\fonc_div.o
_TIM2_CCER1              00005308   defined in Debug\fonc_div.o
_TIM2_CCER2              00005309   defined in Debug\fonc_div.o
_TIM2_CCMR1              00005305   defined in Debug\fonc_div.o
_TIM2_CCMR2              00005306   defined in Debug\fonc_div.o
_TIM2_CCMR3              00005307   defined in Debug\fonc_div.o
_TIM2_CCR1H              0000530f   defined in Debug\fonc_div.o
_TIM2_CCR1L              00005310   defined in Debug\fonc_div.o
_TIM2_CCR2H              00005311   defined in Debug\fonc_div.o
_TIM2_CCR2L              00005312   defined in Debug\fonc_div.o
_TIM2_CCR3H              00005313   defined in Debug\fonc_div.o
_TIM2_CCR3L              00005314   defined in Debug\fonc_div.o
_TIM2_CNTRH              0000530a   defined in Debug\fonc_div.o
_TIM2_CNTRL              0000530b   defined in Debug\fonc_div.o
_TIM2_CR1                00005300   defined in Debug\fonc_div.o
_TIM2_EGR                00005304   defined in Debug\fonc_div.o
_TIM2_IER                00005301   defined in Debug\fonc_div.o
_TIM2_PSCR               0000530c   defined in Debug\fonc_div.o
_TIM2_SR1                00005302   defined in Debug\fonc_div.o
_TIM2_SR2                00005303   defined in Debug\fonc_div.o
_TIM3_ARRH               0000532b   defined in Debug\fonc_div.o
_TIM3_ARRL               0000532c   defined in Debug\fonc_div.o
_TIM3_CCER1              00005327   defined in Debug\fonc_div.o
_TIM3_CCMR1              00005325   defined in Debug\fonc_div.o
_TIM3_CCMR2              00005326   defined in Debug\fonc_div.o
_TIM3_CCR1H              0000532d   defined in Debug\fonc_div.o
_TIM3_CCR1L              0000532e   defined in Debug\fonc_div.o
_TIM3_CCR2H              0000532f   defined in Debug\fonc_div.o
_TIM3_CCR2L              00005330   defined in Debug\fonc_div.o
_TIM3_CNTRH              00005328   defined in Debug\fonc_div.o
_TIM3_CNTRL              00005329   defined in Debug\fonc_div.o
_TIM3_CR1                00005320   defined in Debug\fonc_div.o
_TIM3_EGR                00005324   defined in Debug\fonc_div.o
_TIM3_IER                00005321   defined in Debug\fonc_div.o
_TIM3_PSCR               0000532a   defined in Debug\fonc_div.o
_TIM3_SR1                00005322   defined in Debug\fonc_div.o
_TIM3_SR2                00005323   defined in Debug\fonc_div.o
_TIM4_ARR                00005346   defined in Debug\fonc_div.o
_TIM4_CNTR               00005344   defined in Debug\fonc_div.o
_TIM4_CR1                00005340   defined in Debug\fonc_div.o
_TIM4_EGR                00005343   defined in Debug\fonc_div.o
_TIM4_IER                00005341   defined in Debug\fonc_div.o
_TIM4_PSCR               00005345   defined in Debug\fonc_div.o
_TIM4_SR                 00005342   defined in Debug\fonc_div.o
_UART2_BRR1              00005242   defined in Debug\fonc_div.o
_UART2_BRR2              00005243   defined in Debug\fonc_div.o
_UART2_CR1               00005244   defined in Debug\fonc_div.o
_UART2_CR2               00005245   defined in Debug\fonc_div.o
_UART2_CR3               00005246   defined in Debug\fonc_div.o
_UART2_CR4               00005247   defined in Debug\fonc_div.o
_UART2_CR6               00005249   defined in Debug\fonc_div.o
_UART2_DR                00005241   defined in Debug\fonc_div.o
_UART2_GTR               0000524a   defined in Debug\fonc_div.o
_UART2_PSCR              0000524b   defined in Debug\fonc_div.o
_UART2_SR                00005240   defined in Debug\fonc_div.o
_WWDG_CR                 000050d1   defined in Debug\fonc_div.o
_WWDG_WR                 000050d2   defined in Debug\fonc_div.o
_Write_I2C               00008c61   defined in Debug\fonc_i2c.o section .text
                                    used in Debug\main.o
_Write_SPI               000088b9   defined in Debug\fonc_tft.o section .text
__endmem                 000005ff   defined in command file
                                    *** not used ***
__endzp                  00000008   defined in command file section .ubsct
                                    used in C:\Program Files\COSMIC\CXSTM8_EVAL\Lib\crtsi0.sm8
__idesc__                000086ce   defined in linker section .init
                                    used in C:\Program Files\COSMIC\CXSTM8_EVAL\Lib\crtsi0.sm8
__memory                 00000100   defined in command file section .bss
                                    used in C:\Program Files\COSMIC\CXSTM8_EVAL\Lib\crtsi0.sm8
__stack                  000007ff   defined in command file
                                    used in C:\Program Files\COSMIC\CXSTM8_EVAL\Lib\crtsi0.sm8
__startmem               00000100   defined in command file section .bss
                                    *** not used ***
__stext                  000086d8   defined in C:\Program Files\COSMIC\CXSTM8_EVAL\Lib\crtsi0.sm8 section .text
                                    used in Debug\stm8_interrupt_vector.o
__vectab                 00008000   defined in Debug\stm8_interrupt_vector.o section .const
_affiche_mot             00008767   defined in Debug\fonc_div.o section .text
                                    used in Debug\main.o
_affiche_nombre          00008798   defined in Debug\fonc_div.o section .text
                                    used in Debug\main.o
                                            Debug\stm8_interrupt_vector.o
_attend_1ms              00008886   defined in Debug\fonc_delay.o section .text
_attend_500ms            00008891   defined in Debug\fonc_delay.o section .text
                                    used in Debug\fonc_tft.o
_attend_ms               000088a7   defined in Debug\fonc_delay.o section .text
                                    used in Debug\fonc_tft.o
_commandList             000088e9   defined in Debug\fonc_tft.o section .text
_displayChar_TFT         00008acc   defined in Debug\fonc_tft.o section .text
                                    used in Debug\fonc_div.o
_drawPixel_TFT           000089e8   defined in Debug\fonc_tft.o section .text
_drawVLine_TFT           00008bc2   defined in Debug\fonc_tft.o section .text
_exit                    00008721   defined in C:\Program Files\COSMIC\CXSTM8_EVAL\Lib\crtsi0.sm8 section .text
_fillRect_TFT            00008a2b   defined in Debug\fonc_tft.o section .text
_fillScreen_TFT          00008aba   defined in Debug\fonc_tft.o section .text
_init_ADC                00008813   defined in Debug\fonc_div.o section .text
_init_I2C                00008cb4   defined in Debug\main.o section .text
_init_LED                0000886d   defined in Debug\fonc_div.o section .text
_init_PWM                00008cb3   defined in Debug\main.o section .text
_init_Poussoirs          00008830   defined in Debug\fonc_div.o section .text
_init_TFT                0000899d   defined in Debug\fonc_tft.o section .text
                                    used in Debug\fonc_div.o
_init_UART2              00008cf4   defined in Debug\main.o section .text
_init_spi_port_display   00008723   defined in Debug\fonc_div.o section .text
                                    used in Debug\main.o
_main                    00008d52   defined in Debug\main.o section .text
                                    used in C:\Program Files\COSMIC\CXSTM8_EVAL\Lib\crtsi0.sm8
_read_AD7991             00008cb5   defined in Debug\main.o section .text
_sal_bas                 00000000   defined in Debug\main.o section .bsct, initialized
                                    used in Debug\stm8_interrupt_vector.o
_sal_haut                00000001   defined in Debug\main.o section .bsct, initialized
                                    used in Debug\stm8_interrupt_vector.o
_send_ac_cap_UART        00008d16   defined in Debug\main.o section .text
_send_dc_cap_UART        00008d33   defined in Debug\main.o section .text
_setAddrWindow           00008967   defined in Debug\fonc_tft.o section .text
_write_byte_UART2        00008d0b   defined in Debug\main.o section .text
_writecommand            000088cb   defined in Debug\fonc_tft.o section .text
_writedata               000088da   defined in Debug\fonc_tft.o section .text
c_x                      00000002   defined in (C:\Program Files\COSMIC\CXSTM8_EVAL\Lib\libm0.sm8)xreg.o section .ubsct
                                    used in C:\Program Files\COSMIC\CXSTM8_EVAL\Lib\crtsi0.sm8
                                            Debug\stm8_interrupt_vector.o
c_y                      00000005   defined in (C:\Program Files\COSMIC\CXSTM8_EVAL\Lib\libm0.sm8)yreg.o section .ubsct
                                    used in C:\Program Files\COSMIC\CXSTM8_EVAL\Lib\crtsi0.sm8
                                            Debug\stm8_interrupt_vector.o
f_NonHandledInterrupt    00008d79   defined in Debug\stm8_interrupt_vector.o section .text
f_int_PD3                00008db3   defined in Debug\stm8_interrupt_vector.o section .text
                                    *** not used ***
f_int_PE5                00008d7a   defined in Debug\stm8_interrupt_vector.o section .text
                                    *** not used ***
